2025-03-04 01:00:43,662 - INFO - JSON file loaded successfully.
2025-03-04 01:00:43,703 - INFO - Database connection established.
2025-03-04 01:00:43,707 - INFO - Updated boardgame: Catan (ID: 1)
2025-03-04 01:00:43,707 - INFO - Updated boardgame: Ticket to Ride (ID: 2)
2025-03-04 01:00:43,708 - INFO - Updated boardgame: Carcassonne (ID: 3)
2025-03-04 01:00:43,709 - INFO - Updated boardgame: Pandemic (ID: 4)
2025-03-04 01:00:43,710 - INFO - Updated boardgame: Gloomhaven (ID: 5)
2025-03-04 01:00:43,711 - INFO - Updated boardgame: Azul (ID: 6)
2025-03-04 01:00:43,711 - INFO - Updated boardgame: Splendor (ID: 7)
2025-03-04 01:00:43,712 - INFO - Updated boardgame: 7 Wonders (ID: 8)
2025-03-04 01:00:43,714 - INFO - Updated boardgame: Dominion (ID: 9)
2025-03-04 01:00:43,714 - INFO - Updated boardgame: Wingspan (ID: 10)
2025-03-04 01:00:43,715 - INFO - Updated boardgame: Betrayal at House on the Hill (ID: 11)
2025-03-04 01:00:43,715 - INFO - Updated boardgame: Dixit (ID: 12)
2025-03-04 01:00:43,715 - INFO - Updated boardgame: Terraforming Mars (ID: 13)
2025-03-04 01:00:43,716 - INFO - Updated boardgame: King of Tokyo (ID: 14)
2025-03-04 01:00:43,716 - INFO - Updated boardgame: Codenames (ID: 15)
2025-03-04 01:00:43,717 - INFO - Updated boardgame: The Crew (ID: 16)
2025-03-04 01:00:43,717 - INFO - Updated boardgame: Root (ID: 17)
2025-03-04 01:00:43,717 - INFO - Updated boardgame: Patchwork (ID: 18)
2025-03-04 01:00:43,717 - INFO - Updated boardgame: Arkham Horror (ID: 19)
2025-03-04 01:00:43,718 - INFO - Updated boardgame: Monopoly (ID: 21)
2025-03-04 01:00:43,718 - INFO - Updated boardgame: Uno (ID: 22)
2025-03-04 01:00:43,719 - INFO - Updated boardgame: Standard playing card deck (ID: 23)
2025-03-04 01:00:43,719 - INFO - Data processed successfully!
2025-03-04 01:00:43,720 - INFO - Database connection closed.
2025-03-04 01:00:49,634 - INFO - JSON file loaded successfully.
2025-03-04 01:00:49,663 - INFO - Database connection established.
2025-03-04 01:00:49,664 - INFO - Updated boardgame: Catan (ID: 1)
2025-03-04 01:00:49,664 - INFO - Updated boardgame: Ticket to Ride (ID: 2)
2025-03-04 01:00:49,664 - INFO - Updated boardgame: Carcassonne (ID: 3)
2025-03-04 01:00:49,664 - INFO - Updated boardgame: Pandemic (ID: 4)
2025-03-04 01:00:49,665 - INFO - Updated boardgame: Gloomhaven (ID: 5)
2025-03-04 01:00:49,665 - INFO - Updated boardgame: Azul (ID: 6)
2025-03-04 01:00:49,665 - INFO - Updated boardgame: Splendor (ID: 7)
2025-03-04 01:00:49,666 - INFO - Updated boardgame: 7 Wonders (ID: 8)
2025-03-04 01:00:49,666 - INFO - Updated boardgame: Dominion (ID: 9)
2025-03-04 01:00:49,666 - INFO - Updated boardgame: Wingspan (ID: 10)
2025-03-04 01:00:49,666 - INFO - Updated boardgame: Betrayal at House on the Hill (ID: 11)
2025-03-04 01:00:49,667 - INFO - Updated boardgame: Dixit (ID: 12)
2025-03-04 01:00:49,667 - INFO - Updated boardgame: Terraforming Mars (ID: 13)
2025-03-04 01:00:49,667 - INFO - Updated boardgame: King of Tokyo (ID: 14)
2025-03-04 01:00:49,667 - INFO - Updated boardgame: Codenames (ID: 15)
2025-03-04 01:00:49,667 - INFO - Updated boardgame: The Crew (ID: 16)
2025-03-04 01:00:49,668 - INFO - Updated boardgame: Root (ID: 17)
2025-03-04 01:00:49,668 - INFO - Updated boardgame: Patchwork (ID: 18)
2025-03-04 01:00:49,668 - INFO - Updated boardgame: Arkham Horror (ID: 19)
2025-03-04 01:00:49,668 - INFO - Updated boardgame: Monopoly (ID: 21)
2025-03-04 01:00:49,668 - INFO - Updated boardgame: Uno (ID: 22)
2025-03-04 01:00:49,669 - INFO - Updated boardgame: Standard playing card deck (ID: 23)
2025-03-04 01:00:49,669 - INFO - Data processed successfully!
2025-03-04 01:00:49,669 - INFO - Database connection closed.
